error: blocking function call detected in an async body
  --> tests/ui-toml/unnecessary_blocking_ops/unnecessary_blocking_ops.rs:18:5
   |
LL |     sleep(Duration::from_secs(1));
   |     ^^^^^------------------------
   |     |
   |     help: try using its async counterpart: `crate::async_mod::sleep(Duration::from_secs(1)).await`
   |
   = note: `-D clippy::unnecessary-blocking-ops` implied by `-D warnings`
   = help: to override `-D warnings` add `#[allow(clippy::unnecessary_blocking_ops)]`

error: blocking function call detected in an async body
  --> tests/ui-toml/unnecessary_blocking_ops/unnecessary_blocking_ops.rs:20:5
   |
LL |     blocking_mod::sleep(Duration::from_secs(1));
   |     ^^^^^^^^^^^^^^^^^^^------------------------
   |     |
   |     help: try using its async counterpart: `crate::async_mod::sleep(Duration::from_secs(1)).await`

error: blocking function call detected in an async body
  --> tests/ui-toml/unnecessary_blocking_ops/unnecessary_blocking_ops.rs:24:5
   |
LL |     io::copy(&mut r, &mut w).unwrap();
   |     ^^^^^^^^----------------
   |     |
   |     help: try using its async counterpart: `tokio::io::copy(&mut r, &mut w).await`

error: blocking function call detected in an async body
  --> tests/ui-toml/unnecessary_blocking_ops/unnecessary_blocking_ops.rs:26:17
   |
LL |     let _cont = io::read_to_string(io::stdin()).unwrap();
   |                 ^^^^^^^^^^^^^^^^^^-------------
   |                 |
   |                 help: try using its async counterpart: `crate::async_mod::read_to_string(io::stdin()).await`

error: aborting due to 4 previous errors

